
Started Import Process
# System Details: 
Debug Mode 		: Desativado
Operating System 	: Linux
Software 		: Apache/2.4.56 (Unix) OpenSSL/1.1.1t PHP/8.1.17 mod_perl/2.0.12 Perl/v5.34.1
MySQL version 		: 10.4.28
XML Reader 		: Sim
PHP Version 		: 8.1.17
PHP Max Input Vars 	: 5000
PHP Max Post Size 	: 40M
PHP Extension GD 	: Sim
PHP Max Execution Time 	: 120
Max Upload Size 	: 40 MB
Memory Limit 		: O limite de memória atual é 40M. Recomendamos definir a memória com pelo menos 64M.
Timezone 		: America/Fortaleza

-----

Importing Started! - 17:30:59 UTC
---

WHY IMPORT PROCESS CAN FAIL? READ THIS - 
https://wpastra.com/docs/?p=1314&utm_source=demo-import-panel&utm_campaign=import-error&utm_medium=wp-dashboard

---
